// Vitest Snapshot v1

exports[`Components > IToastContainer > methods > showToast() > should show a toast in every container position 1`] = `
"<div class=\\"toast-container\\">
  <div class=\\"toast-position -top-left\\">
    <transition-group-stub name=\\"toast-transition\\" appear=\\"false\\" persisted=\\"false\\" css=\\"true\\">
      <div position=\\"top-left\\" id=\\"toast-smmvdzcym\\" class=\\"toast -light -md\\" style=\\"--toast--duration: 3500ms;\\"><span class=\\"toast-icon\\" role=\\"img\\" aria-hidden=\\"true\\"><!-- @slot icon Slot for toast icon --><svg class=\\"inkline-icon -md\\" version=\\"1.1\\" xmlns=\\"http://www.w3.org/2000/svg\\" width=\\"24\\" height=\\"28\\" viewBox=\\"0 0 24 28\\" fill=\\"currentColor\\"><title>circle</title><path d=\\"M24 14c0 6.625-5.375 12-12 12s-12-5.375-12-12 5.375-12 12-12 12 5.375 12 12z\\"></path></svg></span>
        <div class=\\"toast-content\\">
          <!--v-if-->
          <!-- @slot default Slot for default toast content --><span></span>
        </div>
        <!--v-if-->
        <div class=\\"toast-progress\\">
          <div class=\\"toast-progress-bar\\"></div>
        </div>
      </div>
    </transition-group-stub>
  </div>
  <div class=\\"toast-position -top\\">
    <transition-group-stub name=\\"toast-transition\\" appear=\\"false\\" persisted=\\"false\\" css=\\"true\\">
      <div position=\\"top\\" id=\\"toast-g97pcx1yx\\" class=\\"toast -light -md\\" style=\\"--toast--duration: 3500ms;\\"><span class=\\"toast-icon\\" role=\\"img\\" aria-hidden=\\"true\\"><!-- @slot icon Slot for toast icon --><svg class=\\"inkline-icon -md\\" version=\\"1.1\\" xmlns=\\"http://www.w3.org/2000/svg\\" width=\\"24\\" height=\\"28\\" viewBox=\\"0 0 24 28\\" fill=\\"currentColor\\"><title>circle</title><path d=\\"M24 14c0 6.625-5.375 12-12 12s-12-5.375-12-12 5.375-12 12-12 12 5.375 12 12z\\"></path></svg></span>
        <div class=\\"toast-content\\">
          <!--v-if-->
          <!-- @slot default Slot for default toast content --><span></span>
        </div>
        <!--v-if-->
        <div class=\\"toast-progress\\">
          <div class=\\"toast-progress-bar\\"></div>
        </div>
      </div>
    </transition-group-stub>
  </div>
  <div class=\\"toast-position -top-right\\">
    <transition-group-stub name=\\"toast-transition\\" appear=\\"false\\" persisted=\\"false\\" css=\\"true\\">
      <div position=\\"top-right\\" id=\\"toast-o897tf4qg\\" class=\\"toast -light -md\\" style=\\"--toast--duration: 3500ms;\\"><span class=\\"toast-icon\\" role=\\"img\\" aria-hidden=\\"true\\"><!-- @slot icon Slot for toast icon --><svg class=\\"inkline-icon -md\\" version=\\"1.1\\" xmlns=\\"http://www.w3.org/2000/svg\\" width=\\"24\\" height=\\"28\\" viewBox=\\"0 0 24 28\\" fill=\\"currentColor\\"><title>circle</title><path d=\\"M24 14c0 6.625-5.375 12-12 12s-12-5.375-12-12 5.375-12 12-12 12 5.375 12 12z\\"></path></svg></span>
        <div class=\\"toast-content\\">
          <!--v-if-->
          <!-- @slot default Slot for default toast content --><span></span>
        </div>
        <!--v-if-->
        <div class=\\"toast-progress\\">
          <div class=\\"toast-progress-bar\\"></div>
        </div>
      </div>
    </transition-group-stub>
  </div>
  <div class=\\"toast-position -right\\">
    <transition-group-stub name=\\"toast-transition\\" appear=\\"false\\" persisted=\\"false\\" css=\\"true\\">
      <div position=\\"right\\" id=\\"toast-5x81gssc8\\" class=\\"toast -light -md\\" style=\\"--toast--duration: 3500ms;\\"><span class=\\"toast-icon\\" role=\\"img\\" aria-hidden=\\"true\\"><!-- @slot icon Slot for toast icon --><svg class=\\"inkline-icon -md\\" version=\\"1.1\\" xmlns=\\"http://www.w3.org/2000/svg\\" width=\\"24\\" height=\\"28\\" viewBox=\\"0 0 24 28\\" fill=\\"currentColor\\"><title>circle</title><path d=\\"M24 14c0 6.625-5.375 12-12 12s-12-5.375-12-12 5.375-12 12-12 12 5.375 12 12z\\"></path></svg></span>
        <div class=\\"toast-content\\">
          <!--v-if-->
          <!-- @slot default Slot for default toast content --><span></span>
        </div>
        <!--v-if-->
        <div class=\\"toast-progress\\">
          <div class=\\"toast-progress-bar\\"></div>
        </div>
      </div>
    </transition-group-stub>
  </div>
  <div class=\\"toast-position -bottom-right\\">
    <transition-group-stub name=\\"toast-transition\\" appear=\\"false\\" persisted=\\"false\\" css=\\"true\\">
      <div position=\\"bottom-right\\" id=\\"toast-itxgjuwls\\" class=\\"toast -light -md\\" style=\\"--toast--duration: 3500ms;\\"><span class=\\"toast-icon\\" role=\\"img\\" aria-hidden=\\"true\\"><!-- @slot icon Slot for toast icon --><svg class=\\"inkline-icon -md\\" version=\\"1.1\\" xmlns=\\"http://www.w3.org/2000/svg\\" width=\\"24\\" height=\\"28\\" viewBox=\\"0 0 24 28\\" fill=\\"currentColor\\"><title>circle</title><path d=\\"M24 14c0 6.625-5.375 12-12 12s-12-5.375-12-12 5.375-12 12-12 12 5.375 12 12z\\"></path></svg></span>
        <div class=\\"toast-content\\">
          <!--v-if-->
          <!-- @slot default Slot for default toast content --><span></span>
        </div>
        <!--v-if-->
        <div class=\\"toast-progress\\">
          <div class=\\"toast-progress-bar\\"></div>
        </div>
      </div>
    </transition-group-stub>
  </div>
  <div class=\\"toast-position -bottom\\">
    <transition-group-stub name=\\"toast-transition\\" appear=\\"false\\" persisted=\\"false\\" css=\\"true\\">
      <div position=\\"bottom\\" id=\\"toast-6mu0lzmez\\" class=\\"toast -light -md\\" style=\\"--toast--duration: 3500ms;\\"><span class=\\"toast-icon\\" role=\\"img\\" aria-hidden=\\"true\\"><!-- @slot icon Slot for toast icon --><svg class=\\"inkline-icon -md\\" version=\\"1.1\\" xmlns=\\"http://www.w3.org/2000/svg\\" width=\\"24\\" height=\\"28\\" viewBox=\\"0 0 24 28\\" fill=\\"currentColor\\"><title>circle</title><path d=\\"M24 14c0 6.625-5.375 12-12 12s-12-5.375-12-12 5.375-12 12-12 12 5.375 12 12z\\"></path></svg></span>
        <div class=\\"toast-content\\">
          <!--v-if-->
          <!-- @slot default Slot for default toast content --><span></span>
        </div>
        <!--v-if-->
        <div class=\\"toast-progress\\">
          <div class=\\"toast-progress-bar\\"></div>
        </div>
      </div>
    </transition-group-stub>
  </div>
  <div class=\\"toast-position -bottom-left\\">
    <transition-group-stub name=\\"toast-transition\\" appear=\\"false\\" persisted=\\"false\\" css=\\"true\\">
      <div position=\\"bottom-left\\" id=\\"toast-n0h70lj90\\" class=\\"toast -light -md\\" style=\\"--toast--duration: 3500ms;\\"><span class=\\"toast-icon\\" role=\\"img\\" aria-hidden=\\"true\\"><!-- @slot icon Slot for toast icon --><svg class=\\"inkline-icon -md\\" version=\\"1.1\\" xmlns=\\"http://www.w3.org/2000/svg\\" width=\\"24\\" height=\\"28\\" viewBox=\\"0 0 24 28\\" fill=\\"currentColor\\"><title>circle</title><path d=\\"M24 14c0 6.625-5.375 12-12 12s-12-5.375-12-12 5.375-12 12-12 12 5.375 12 12z\\"></path></svg></span>
        <div class=\\"toast-content\\">
          <!--v-if-->
          <!-- @slot default Slot for default toast content --><span></span>
        </div>
        <!--v-if-->
        <div class=\\"toast-progress\\">
          <div class=\\"toast-progress-bar\\"></div>
        </div>
      </div>
    </transition-group-stub>
  </div>
  <div class=\\"toast-position -left\\">
    <transition-group-stub name=\\"toast-transition\\" appear=\\"false\\" persisted=\\"false\\" css=\\"true\\">
      <div position=\\"left\\" id=\\"toast-bswwvtd2g\\" class=\\"toast -light -md\\" style=\\"--toast--duration: 3500ms;\\"><span class=\\"toast-icon\\" role=\\"img\\" aria-hidden=\\"true\\"><!-- @slot icon Slot for toast icon --><svg class=\\"inkline-icon -md\\" version=\\"1.1\\" xmlns=\\"http://www.w3.org/2000/svg\\" width=\\"24\\" height=\\"28\\" viewBox=\\"0 0 24 28\\" fill=\\"currentColor\\"><title>circle</title><path d=\\"M24 14c0 6.625-5.375 12-12 12s-12-5.375-12-12 5.375-12 12-12 12 5.375 12 12z\\"></path></svg></span>
        <div class=\\"toast-content\\">
          <!--v-if-->
          <!-- @slot default Slot for default toast content --><span></span>
        </div>
        <!--v-if-->
        <div class=\\"toast-progress\\">
          <div class=\\"toast-progress-bar\\"></div>
        </div>
      </div>
    </transition-group-stub>
  </div>
</div>"
`;

exports[`Components > IToastContainer > should render correctly 1`] = `
"<div class=\\"toast-container\\">
  <div class=\\"toast-position -top-left\\">
    <transition-group-stub name=\\"toast-transition\\" appear=\\"false\\" persisted=\\"false\\" css=\\"true\\"></transition-group-stub>
  </div>
  <div class=\\"toast-position -top\\">
    <transition-group-stub name=\\"toast-transition\\" appear=\\"false\\" persisted=\\"false\\" css=\\"true\\"></transition-group-stub>
  </div>
  <div class=\\"toast-position -top-right\\">
    <transition-group-stub name=\\"toast-transition\\" appear=\\"false\\" persisted=\\"false\\" css=\\"true\\"></transition-group-stub>
  </div>
  <div class=\\"toast-position -right\\">
    <transition-group-stub name=\\"toast-transition\\" appear=\\"false\\" persisted=\\"false\\" css=\\"true\\"></transition-group-stub>
  </div>
  <div class=\\"toast-position -bottom-right\\">
    <transition-group-stub name=\\"toast-transition\\" appear=\\"false\\" persisted=\\"false\\" css=\\"true\\"></transition-group-stub>
  </div>
  <div class=\\"toast-position -bottom\\">
    <transition-group-stub name=\\"toast-transition\\" appear=\\"false\\" persisted=\\"false\\" css=\\"true\\"></transition-group-stub>
  </div>
  <div class=\\"toast-position -bottom-left\\">
    <transition-group-stub name=\\"toast-transition\\" appear=\\"false\\" persisted=\\"false\\" css=\\"true\\"></transition-group-stub>
  </div>
  <div class=\\"toast-position -left\\">
    <transition-group-stub name=\\"toast-transition\\" appear=\\"false\\" persisted=\\"false\\" css=\\"true\\"></transition-group-stub>
  </div>
</div>"
`;
