// Vitest Snapshot v1

exports[`Components > IMedia > should render correctly 1`] = `
"<div color=\\"light\\" size=\\"md\\" class=\\"media\\">
  <div class=\\"media-body\\"></div>
</div>"
`;
