// Vitest Snapshot v1

exports[`Components > IBreadcrumbItem > should render correctly 1`] = `"<li class=\\"breadcrumb-item\\" data-v-4a65497c=\\"\\"><a is=\\"a\\" href=\\"\\" to=\\"\\" tabindex=\\"0\\" data-v-4a65497c=\\"\\"></a></li>"`;
